// Jest Snapshot v1, https://goo.gl/fbAQLP

exports[`matches snapshot 1`] = `
Array [
  "v0.0.0",
  "0.1.2",
  "v1.0.0",
  "1.0.1",
  "2.0.1",
  "v3.0.2",
  "3.1.0",
]
`;
