// Jest Snapshot v1, https://goo.gl/fbAQLP

exports[`matches snapshot 1`] = `
Object {
  "Error": "error",
  "Quiet": "quiet",
  "Warn": "warn",
}
`;
