// Jest Snapshot v1, https://goo.gl/fbAQLP

exports[`isAbsolute 1`] = `
Object {
  "absolute": Array [
    "/",
    "C:\\\\",
    "/a/b/c",
    "C:\\\\a\\\\b",
  ],
  "relative": Array [
    ".",
    "..",
    "a/b/c",
    "./a/b",
    "../a/b",
  ],
}
`;

exports[`normalize edge cases: empty 1`] = `
"
        '' => '.'
     './.' => '.'
    './/.' => '.'
   '././.' => '.'
      './' => '.'
     './/' => '.'
"
`;

exports[`normalize edge cases: root 1`] = `
"
       '/' => '/'
      '//' => '/'
     '///' => '/'
      '/.' => '/'
    '/./.' => '/'
   '/.//.' => '/'
  '/././.' => '/'
    '//./' => '/'
    '/.//' => '/'
"
`;
