// Jest Snapshot v1, https://goo.gl/fbAQLP

exports[`when argv is sufficient calls print with expected arguments 1`] = `
Array [
  Array [
    "[2m$[22m",
    "[32mcommand[39m",
    "abc",
    "def",
  ],
]
`;
